2026-02-04 16:20:36,298 - INFO - Logging initialized.
2026-02-04 16:20:36,298 - INFO - ======================================================================
2026-02-04 16:20:36,299 - INFO - STARTING INTEGRATED EARTHQUAKE IMPACT PIPELINE
2026-02-04 16:20:36,299 - INFO - Output Root Override: C:\2025-2026 Fall\Network science\Project\Evaluating post-earthquake impact and recovery of LA transmission grid on a census tract scale
2026-02-04 16:20:36,300 - INFO - ======================================================================
2026-02-04 16:20:36,300 - INFO - Output directory ensured: C:\2025-2026 Fall\Network science\Project\Evaluating post-earthquake impact and recovery of LA transmission grid on a census tract scale\Stage 1 Output
2026-02-04 16:20:36,300 - INFO - Output directory ensured: C:\2025-2026 Fall\Network science\Project\Evaluating post-earthquake impact and recovery of LA transmission grid on a census tract scale\Stage 2 Output
2026-02-04 16:20:36,301 - INFO - Output directory ensured: C:\2025-2026 Fall\Network science\Project\Evaluating post-earthquake impact and recovery of LA transmission grid on a census tract scale\Stage 3 Output
2026-02-04 16:20:36,301 - INFO - Output directory ensured: C:\2025-2026 Fall\Network science\Project\Evaluating post-earthquake impact and recovery of LA transmission grid on a census tract scale\Stage 4 Output
2026-02-04 16:20:36,302 - INFO - Output directory ensured: C:\2025-2026 Fall\Network science\Project\Evaluating post-earthquake impact and recovery of LA transmission grid on a census tract scale\Stage 5 Output
2026-02-04 16:20:36,302 - INFO - Output directory ensured: C:\2025-2026 Fall\Network science\Project\Evaluating post-earthquake impact and recovery of LA transmission grid on a census tract scale\Stage 6 Output
2026-02-04 16:20:36,303 - INFO - Output directory ensured: C:\2025-2026 Fall\Network science\Project\Evaluating post-earthquake impact and recovery of LA transmission grid on a census tract scale\Stage 7 Output
2026-02-04 16:20:36,303 - INFO - ==================================================
2026-02-04 16:20:36,304 - INFO - --- STAGE 0: Load & Build ---
2026-02-04 16:20:36,308 - INFO - Using 'HIFLD_ID' as primary device key.
2026-02-04 16:20:36,313 - INFO - Loaded PGA data from C:\2025-2026 Fall\Network science\Project\Evaluating post-earthquake impact and recovery of LA transmission grid on a census tract scale\Data\Substations_PGA_IDW_CEC.csv. Columns standardized.
2026-02-04 16:20:36,320 - INFO - Loaded mapping: 1291 rows from C:\2025-2026 Fall\Network science\Project\Evaluating post-earthquake impact and recovery of LA transmission grid on a census tract scale\Data\tract_to_substation_mapping_CEC.csv
2026-02-04 16:20:36,323 - INFO - Merged devices + PGA: 64 rows.
2026-02-04 16:20:36,324 - INFO - Building W matrix (tracts x substations)...
2026-02-04 16:20:36,331 - INFO - W matrix built. Shape: (N_tracts: 1108, N_subs: 64)
2026-02-04 16:20:36,332 - INFO - Devices aligned. Count: 64
2026-02-04 16:20:36,332 - INFO - --- STAGE 0 Complete ---
2026-02-04 16:20:36,332 - INFO - ==================================================
2026-02-04 16:20:36,332 - INFO - --- STAGE 1: Fragility Sampling ---
2026-02-04 16:20:36,332 - INFO - Running 1000 MC simulations across 32 workers...
2026-02-04 16:20:36,332 - INFO - Processing scenario: Northridge...
2026-02-04 16:20:36,337 - INFO - PGA statistics for Northridge: mean=0.39, std=0.22, max=0.85
2026-02-04 16:20:40,765 - INFO - Saved device records: C:\2025-2026 Fall\Network science\Project\Evaluating post-earthquake impact and recovery of LA transmission grid on a census tract scale\Stage 1 Output\MC_Device_Damage_Records_Northridge.csv.gz
2026-02-04 16:20:40,780 - INFO - Saved init func mean: C:\2025-2026 Fall\Network science\Project\Evaluating post-earthquake impact and recovery of LA transmission grid on a census tract scale\Stage 1 Output\MC_Device_InitFuncMean_Northridge.csv
2026-02-04 16:20:40,796 - INFO - Aggregated results for Northridge.
2026-02-04 16:20:40,796 - INFO - Processing scenario: SanFernando...
2026-02-04 16:20:40,806 - INFO - PGA statistics for SanFernando: mean=0.22, std=0.17, max=0.70
2026-02-04 16:20:43,274 - INFO - Saved device records: C:\2025-2026 Fall\Network science\Project\Evaluating post-earthquake impact and recovery of LA transmission grid on a census tract scale\Stage 1 Output\MC_Device_Damage_Records_SanFernando.csv.gz
2026-02-04 16:20:43,285 - INFO - Saved init func mean: C:\2025-2026 Fall\Network science\Project\Evaluating post-earthquake impact and recovery of LA transmission grid on a census tract scale\Stage 1 Output\MC_Device_InitFuncMean_SanFernando.csv
2026-02-04 16:20:43,302 - INFO - Aggregated results for SanFernando.
2026-02-04 16:20:43,302 - INFO - Processing scenario: LongBeach...
2026-02-04 16:20:43,313 - INFO - PGA statistics for LongBeach: mean=0.14, std=0.10, max=0.38
2026-02-04 16:20:45,652 - INFO - Saved device records: C:\2025-2026 Fall\Network science\Project\Evaluating post-earthquake impact and recovery of LA transmission grid on a census tract scale\Stage 1 Output\MC_Device_Damage_Records_LongBeach.csv.gz
2026-02-04 16:20:45,664 - INFO - Saved init func mean: C:\2025-2026 Fall\Network science\Project\Evaluating post-earthquake impact and recovery of LA transmission grid on a census tract scale\Stage 1 Output\MC_Device_InitFuncMean_LongBeach.csv
2026-02-04 16:20:45,680 - INFO - Aggregated results for LongBeach.
2026-02-04 16:20:45,682 - INFO - Processing scenario: 2pc50...
2026-02-04 16:20:45,689 - INFO - PGA statistics for 2pc50: mean=0.99, std=0.15, max=1.39
2026-02-04 16:20:48,247 - INFO - Saved device records: C:\2025-2026 Fall\Network science\Project\Evaluating post-earthquake impact and recovery of LA transmission grid on a census tract scale\Stage 1 Output\MC_Device_Damage_Records_2pc50.csv.gz
2026-02-04 16:20:48,268 - INFO - Saved init func mean: C:\2025-2026 Fall\Network science\Project\Evaluating post-earthquake impact and recovery of LA transmission grid on a census tract scale\Stage 1 Output\MC_Device_InitFuncMean_2pc50.csv
2026-02-04 16:20:48,280 - INFO - Aggregated results for 2pc50.
2026-02-04 16:20:48,280 - INFO - --- STAGE 1 Complete ---
2026-02-04 16:20:48,280 - INFO - ==================================================
2026-02-04 16:20:48,286 - INFO - --- STAGE 2: Criticality & Percolation ---
2026-02-04 16:20:48,291 - INFO - Loading prebuilt CEC edge list: C:\2025-2026 Fall\Network science\Project\Evaluating post-earthquake impact and recovery of LA transmission grid on a census tract scale\Data\substation_graph_CEC_edges.csv
2026-02-04 16:20:48,356 - INFO - Attached lat/lon attributes to graph nodes.
2026-02-04 16:20:48,356 - INFO - Loaded prebuilt CEC graph for Stage 2: 64 nodes, 558 edges from C:\2025-2026 Fall\Network science\Project\Evaluating post-earthquake impact and recovery of LA transmission grid on a census tract scale\Data\substation_graph_CEC_edges.csv
2026-02-04 16:20:48,518 - INFO - Computing algebraic-connectivity-based Impact Centrality for 64 nodes... (Base lambda2 = 0.3853)
2026-02-04 16:20:49,457 - INFO - Computed algebraic-connectivity impact centrality. Found 34 structurally critical nodes (lambda2 loss > 0).
2026-02-04 16:20:50,205 - INFO - Centrality metrics saved to C:\2025-2026 Fall\Network science\Project\Evaluating post-earthquake impact and recovery of LA transmission grid on a census tract scale\Stage 2 Output\impact_centrality_substations.csv
2026-02-04 16:20:50,227 - INFO - Percolation curve saved to C:\2025-2026 Fall\Network science\Project\Evaluating post-earthquake impact and recovery of LA transmission grid on a census tract scale\Stage 2 Output\percolation_curve_impact.csv
2026-02-04 16:20:50,254 - INFO - Percolation curve saved to C:\2025-2026 Fall\Network science\Project\Evaluating post-earthquake impact and recovery of LA transmission grid on a census tract scale\Stage 2 Output\percolation_curve_random.csv
2026-02-04 16:20:50,255 - INFO - --- STAGE 2 Complete ---
2026-02-04 16:20:50,256 - INFO - ==================================================
2026-02-04 16:20:50,257 - INFO - --- STAGE 3: Hazus Probabilistic Recovery (MC Aggregation) ---
2026-02-04 16:20:50,257 - INFO - Processing scenario: Northridge...
2026-02-04 16:20:50,541 - INFO - Generating expected Hazus S-Curves for Northridge...
2026-02-04 16:21:46,051 - INFO - Scenario Northridge System T50: 6.3500000000000005 hr
2026-02-04 16:21:46,053 - INFO - Computing dynamic graph robustness (Metric: Average Degree)...
2026-02-04 16:21:50,642 - INFO - Processing scenario: SanFernando...
2026-02-04 16:21:50,928 - INFO - Generating expected Hazus S-Curves for SanFernando...
2026-02-04 16:22:43,992 - INFO - Scenario SanFernando System T50: 3.6500000000000004 hr
2026-02-04 16:22:43,993 - INFO - Computing dynamic graph robustness (Metric: Average Degree)...
2026-02-04 16:22:48,827 - INFO - Processing scenario: LongBeach...
2026-02-04 16:22:49,100 - INFO - Generating expected Hazus S-Curves for LongBeach...
2026-02-04 16:23:44,849 - INFO - Scenario LongBeach System T50: 0.0 hr
2026-02-04 16:23:44,849 - INFO - Computing dynamic graph robustness (Metric: Average Degree)...
2026-02-04 16:23:49,643 - INFO - Processing scenario: 2pc50...
2026-02-04 16:23:49,962 - INFO - Generating expected Hazus S-Curves for 2pc50...
2026-02-04 16:24:48,107 - INFO - Scenario 2pc50 System T50: 10.4 hr
2026-02-04 16:24:48,107 - INFO - Computing dynamic graph robustness (Metric: Average Degree)...
2026-02-04 16:24:52,861 - INFO - --- STAGE 3 Complete ---
2026-02-04 16:24:52,862 - INFO - ==================================================
2026-02-04 16:24:52,862 - INFO - --- STAGE 4: Rule-Based Baselines (Hazus Probabilistic) ---
2026-02-04 16:24:52,892 - INFO - SVI weights calculated successfully for analysis.
2026-02-04 16:24:52,892 - INFO - Processing scenario: Northridge...
2026-02-04 16:24:52,902 - INFO - [Travel] Loading Base->Task CSV: C:\2025-2026 Fall\Network science\Project\Evaluating post-earthquake impact and recovery of LA transmission grid on a census tract scale\Stage 4 Output\travel_base_to_task.csv
2026-02-04 16:24:52,917 - INFO - [Travel] Loading Task->Task CSV: C:\2025-2026 Fall\Network science\Project\Evaluating post-earthquake impact and recovery of LA transmission grid on a census tract scale\Stage 4 Output\travel_task_to_task.csv
2026-02-04 16:24:52,933 - INFO -    - Simulating rule: centrality-first
2026-02-04 16:24:53,639 - INFO - Computing dynamic graph robustness (Metric: Average Degree)...
2026-02-04 16:24:58,511 - INFO -    - Simulating rule: impact-first
2026-02-04 16:24:59,297 - INFO - Computing dynamic graph robustness (Metric: Average Degree)...
2026-02-04 16:25:04,553 - INFO -    - Simulating rule: betweenness-first
2026-02-04 16:25:05,314 - INFO - Computing dynamic graph robustness (Metric: Average Degree)...
2026-02-04 16:25:10,532 - INFO -    - Simulating rule: degree-first
2026-02-04 16:25:11,262 - INFO - Computing dynamic graph robustness (Metric: Average Degree)...
2026-02-04 16:25:16,367 - INFO -    - Simulating rule: closeness-first
2026-02-04 16:25:17,094 - INFO - Computing dynamic graph robustness (Metric: Average Degree)...
2026-02-04 16:25:22,196 - INFO -    - Simulating rule: hospital-first
2026-02-04 16:25:22,958 - INFO - Computing dynamic graph robustness (Metric: Average Degree)...
2026-02-04 16:25:27,787 - INFO -    - Simulating rule: random
2026-02-04 16:25:28,533 - INFO - Computing dynamic graph robustness (Metric: Average Degree)...
2026-02-04 16:25:33,796 - INFO - Wrote rule-based curves to C:\2025-2026 Fall\Network science\Project\Evaluating post-earthquake impact and recovery of LA transmission grid on a census tract scale\Stage 4 Output for Northridge
2026-02-04 16:25:33,796 - INFO - Processing scenario: SanFernando...
2026-02-04 16:25:33,802 - INFO - [Travel] Loading Base->Task CSV: C:\2025-2026 Fall\Network science\Project\Evaluating post-earthquake impact and recovery of LA transmission grid on a census tract scale\Stage 4 Output\travel_base_to_task.csv
2026-02-04 16:25:33,825 - INFO - [Travel] Loading Task->Task CSV: C:\2025-2026 Fall\Network science\Project\Evaluating post-earthquake impact and recovery of LA transmission grid on a census tract scale\Stage 4 Output\travel_task_to_task.csv
2026-02-04 16:25:33,842 - INFO -    - Simulating rule: centrality-first
2026-02-04 16:25:34,563 - INFO - Computing dynamic graph robustness (Metric: Average Degree)...
2026-02-04 16:25:39,537 - INFO -    - Simulating rule: impact-first
2026-02-04 16:25:40,264 - INFO - Computing dynamic graph robustness (Metric: Average Degree)...
2026-02-04 16:25:45,204 - INFO -    - Simulating rule: betweenness-first
2026-02-04 16:25:45,894 - INFO - Computing dynamic graph robustness (Metric: Average Degree)...
2026-02-04 16:25:50,872 - INFO -    - Simulating rule: degree-first
2026-02-04 16:25:51,577 - INFO - Computing dynamic graph robustness (Metric: Average Degree)...
2026-02-04 16:25:56,434 - INFO -    - Simulating rule: closeness-first
2026-02-04 16:25:56,581 - INFO - Computing dynamic graph robustness (Metric: Average Degree)...
2026-02-04 16:25:57,613 - INFO -    - Simulating rule: hospital-first
2026-02-04 16:25:57,763 - INFO - Computing dynamic graph robustness (Metric: Average Degree)...
2026-02-04 16:26:01,848 - INFO -    - Simulating rule: random
2026-02-04 16:26:02,588 - INFO - Computing dynamic graph robustness (Metric: Average Degree)...
2026-02-04 16:26:07,828 - INFO - Wrote rule-based curves to C:\2025-2026 Fall\Network science\Project\Evaluating post-earthquake impact and recovery of LA transmission grid on a census tract scale\Stage 4 Output for SanFernando
2026-02-04 16:26:07,833 - INFO - Processing scenario: LongBeach...
2026-02-04 16:26:07,840 - INFO - [Travel] Loading Base->Task CSV: C:\2025-2026 Fall\Network science\Project\Evaluating post-earthquake impact and recovery of LA transmission grid on a census tract scale\Stage 4 Output\travel_base_to_task.csv
2026-02-04 16:26:07,854 - INFO - [Travel] Loading Task->Task CSV: C:\2025-2026 Fall\Network science\Project\Evaluating post-earthquake impact and recovery of LA transmission grid on a census tract scale\Stage 4 Output\travel_task_to_task.csv
2026-02-04 16:26:07,869 - INFO -    - Simulating rule: centrality-first
2026-02-04 16:26:08,613 - INFO - Computing dynamic graph robustness (Metric: Average Degree)...
2026-02-04 16:26:13,412 - INFO -    - Simulating rule: impact-first
2026-02-04 16:26:14,146 - INFO - Computing dynamic graph robustness (Metric: Average Degree)...
2026-02-04 16:26:18,939 - INFO -    - Simulating rule: betweenness-first
2026-02-04 16:26:19,663 - INFO - Computing dynamic graph robustness (Metric: Average Degree)...
2026-02-04 16:26:24,438 - INFO -    - Simulating rule: degree-first
2026-02-04 16:26:25,155 - INFO - Computing dynamic graph robustness (Metric: Average Degree)...
2026-02-04 16:26:27,955 - INFO -    - Simulating rule: closeness-first
2026-02-04 16:26:28,104 - INFO - Computing dynamic graph robustness (Metric: Average Degree)...
2026-02-04 16:26:29,060 - INFO -    - Simulating rule: hospital-first
2026-02-04 16:26:29,204 - INFO - Computing dynamic graph robustness (Metric: Average Degree)...
2026-02-04 16:26:30,188 - INFO -    - Simulating rule: random
2026-02-04 16:26:30,329 - INFO - Computing dynamic graph robustness (Metric: Average Degree)...
2026-02-04 16:26:31,555 - INFO - Wrote rule-based curves to C:\2025-2026 Fall\Network science\Project\Evaluating post-earthquake impact and recovery of LA transmission grid on a census tract scale\Stage 4 Output for LongBeach
2026-02-04 16:26:31,555 - INFO - Processing scenario: 2pc50...
2026-02-04 16:26:31,560 - INFO - [Travel] Loading Base->Task CSV: C:\2025-2026 Fall\Network science\Project\Evaluating post-earthquake impact and recovery of LA transmission grid on a census tract scale\Stage 4 Output\travel_base_to_task.csv
2026-02-04 16:26:31,565 - INFO - [Travel] Loading Task->Task CSV: C:\2025-2026 Fall\Network science\Project\Evaluating post-earthquake impact and recovery of LA transmission grid on a census tract scale\Stage 4 Output\travel_task_to_task.csv
2026-02-04 16:26:31,572 - INFO -    - Simulating rule: centrality-first
2026-02-04 16:26:31,800 - INFO - Computing dynamic graph robustness (Metric: Average Degree)...
2026-02-04 16:26:33,094 - INFO -    - Simulating rule: impact-first
2026-02-04 16:26:33,243 - INFO - Computing dynamic graph robustness (Metric: Average Degree)...
2026-02-04 16:26:34,484 - INFO -    - Simulating rule: betweenness-first
2026-02-04 16:26:34,639 - INFO - Computing dynamic graph robustness (Metric: Average Degree)...
2026-02-04 16:26:35,819 - INFO -    - Simulating rule: degree-first
2026-02-04 16:26:36,416 - INFO - Computing dynamic graph robustness (Metric: Average Degree)...
2026-02-04 16:26:41,076 - INFO -    - Simulating rule: closeness-first
2026-02-04 16:26:41,782 - INFO - Computing dynamic graph robustness (Metric: Average Degree)...
2026-02-04 16:26:46,619 - INFO -    - Simulating rule: hospital-first
2026-02-04 16:26:47,374 - INFO - Computing dynamic graph robustness (Metric: Average Degree)...
2026-02-04 16:26:52,011 - INFO -    - Simulating rule: random
2026-02-04 16:26:52,705 - INFO - Computing dynamic graph robustness (Metric: Average Degree)...
2026-02-04 16:26:57,692 - INFO - Wrote rule-based curves to C:\2025-2026 Fall\Network science\Project\Evaluating post-earthquake impact and recovery of LA transmission grid on a census tract scale\Stage 4 Output for 2pc50
2026-02-04 16:26:57,742 - INFO - SAVED GANTT DATA: C:\2025-2026 Fall\Network science\Project\Evaluating post-earthquake impact and recovery of LA transmission grid on a census tract scale\Stage 4 Output\Gantt_Data_Stage4.csv (Rows: 1792)
2026-02-04 16:26:57,744 - INFO - --- STAGE 4 Complete ---
2026-02-04 16:26:57,779 - INFO - ==================================================
2026-02-04 16:26:57,779 - INFO - --- STAGE 5: Genetic Algorithm Optimization (Hazus Probabilistic) ---
2026-02-04 16:26:57,790 - INFO - Loading prebuilt CEC edge list: C:\2025-2026 Fall\Network science\Project\Evaluating post-earthquake impact and recovery of LA transmission grid on a census tract scale\Data\substation_graph_CEC_edges.csv
2026-02-04 16:26:57,861 - INFO - Attached lat/lon attributes to graph nodes.
2026-02-04 16:26:57,862 - INFO - Loaded prebuilt CEC graph for Stage 2: 64 nodes, 558 edges from C:\2025-2026 Fall\Network science\Project\Evaluating post-earthquake impact and recovery of LA transmission grid on a census tract scale\Data\substation_graph_CEC_edges.csv
2026-02-04 16:26:57,899 - INFO - SVI weights calculated successfully for analysis.
2026-02-04 16:26:57,923 - INFO - Processing Scenario: Northridge...
2026-02-04 16:26:57,930 - INFO - [Travel] Loading Base->Task CSV: C:\2025-2026 Fall\Network science\Project\Evaluating post-earthquake impact and recovery of LA transmission grid on a census tract scale\Stage 4 Output\travel_base_to_task.csv
2026-02-04 16:26:57,945 - INFO - [Travel] Loading Task->Task CSV: C:\2025-2026 Fall\Network science\Project\Evaluating post-earthquake impact and recovery of LA transmission grid on a census tract scale\Stage 4 Output\travel_task_to_task.csv
2026-02-04 16:26:57,967 - INFO -   > Running GA Policy: Balanced {'W_POP': 1.0, 'W_HOSP': 3.0, 'W_MAKESPAN': 0.5}
2026-02-04 16:27:03,399 - INFO -   -> Saved detailed schedule: C:\2025-2026 Fall\Network science\Project\Evaluating post-earthquake impact and recovery of LA transmission grid on a census tract scale\Stage 5 Output\GA_Schedule_Northridge_Balanced.csv
2026-02-04 16:27:03,983 - INFO - Computing dynamic graph robustness (Metric: Average Degree)...
2026-02-04 16:27:09,859 - INFO -   -> Saved Stage 7 input: C:\2025-2026 Fall\Network science\Project\Evaluating post-earthquake impact and recovery of LA transmission grid on a census tract scale\Stage 5 Output\tract_kpis_Northridge.csv
2026-02-04 16:27:09,860 - INFO -   > Running GA Policy: HospFirst {'W_POP': 1.0, 'W_HOSP': 20.0, 'W_MAKESPAN': 0.1}
2026-02-04 16:27:14,564 - INFO -   -> Saved detailed schedule: C:\2025-2026 Fall\Network science\Project\Evaluating post-earthquake impact and recovery of LA transmission grid on a census tract scale\Stage 5 Output\GA_Schedule_Northridge_HospFirst.csv
2026-02-04 16:27:15,075 - INFO - Computing dynamic graph robustness (Metric: Average Degree)...
2026-02-04 16:27:19,084 - INFO -   > Running GA Policy: Efficiency {'W_POP': 1.0, 'W_HOSP': 1.0, 'W_MAKESPAN': 2.0}
2026-02-04 16:27:23,674 - INFO -   -> Saved detailed schedule: C:\2025-2026 Fall\Network science\Project\Evaluating post-earthquake impact and recovery of LA transmission grid on a census tract scale\Stage 5 Output\GA_Schedule_Northridge_Efficiency.csv
2026-02-04 16:27:24,152 - INFO - Computing dynamic graph robustness (Metric: Average Degree)...
2026-02-04 16:27:28,262 - INFO - Processing Scenario: SanFernando...
2026-02-04 16:27:28,271 - INFO - [Travel] Loading Base->Task CSV: C:\2025-2026 Fall\Network science\Project\Evaluating post-earthquake impact and recovery of LA transmission grid on a census tract scale\Stage 4 Output\travel_base_to_task.csv
2026-02-04 16:27:28,282 - INFO - [Travel] Loading Task->Task CSV: C:\2025-2026 Fall\Network science\Project\Evaluating post-earthquake impact and recovery of LA transmission grid on a census tract scale\Stage 4 Output\travel_task_to_task.csv
2026-02-04 16:27:28,296 - INFO -   > Running GA Policy: Balanced {'W_POP': 1.0, 'W_HOSP': 3.0, 'W_MAKESPAN': 0.5}
2026-02-04 16:27:33,119 - INFO -   -> Saved detailed schedule: C:\2025-2026 Fall\Network science\Project\Evaluating post-earthquake impact and recovery of LA transmission grid on a census tract scale\Stage 5 Output\GA_Schedule_SanFernando_Balanced.csv
2026-02-04 16:27:33,591 - INFO - Computing dynamic graph robustness (Metric: Average Degree)...
2026-02-04 16:27:39,040 - INFO -   -> Saved Stage 7 input: C:\2025-2026 Fall\Network science\Project\Evaluating post-earthquake impact and recovery of LA transmission grid on a census tract scale\Stage 5 Output\tract_kpis_SanFernando.csv
2026-02-04 16:27:39,041 - INFO -   > Running GA Policy: HospFirst {'W_POP': 1.0, 'W_HOSP': 20.0, 'W_MAKESPAN': 0.1}
2026-02-04 16:27:43,737 - INFO -   -> Saved detailed schedule: C:\2025-2026 Fall\Network science\Project\Evaluating post-earthquake impact and recovery of LA transmission grid on a census tract scale\Stage 5 Output\GA_Schedule_SanFernando_HospFirst.csv
2026-02-04 16:27:44,277 - INFO - Computing dynamic graph robustness (Metric: Average Degree)...
2026-02-04 16:27:48,596 - INFO -   > Running GA Policy: Efficiency {'W_POP': 1.0, 'W_HOSP': 1.0, 'W_MAKESPAN': 2.0}
2026-02-04 16:27:53,404 - INFO -   -> Saved detailed schedule: C:\2025-2026 Fall\Network science\Project\Evaluating post-earthquake impact and recovery of LA transmission grid on a census tract scale\Stage 5 Output\GA_Schedule_SanFernando_Efficiency.csv
2026-02-04 16:27:53,871 - INFO - Computing dynamic graph robustness (Metric: Average Degree)...
2026-02-04 16:27:58,339 - INFO - Processing Scenario: LongBeach...
2026-02-04 16:27:58,349 - INFO - [Travel] Loading Base->Task CSV: C:\2025-2026 Fall\Network science\Project\Evaluating post-earthquake impact and recovery of LA transmission grid on a census tract scale\Stage 4 Output\travel_base_to_task.csv
2026-02-04 16:27:58,360 - INFO - [Travel] Loading Task->Task CSV: C:\2025-2026 Fall\Network science\Project\Evaluating post-earthquake impact and recovery of LA transmission grid on a census tract scale\Stage 4 Output\travel_task_to_task.csv
2026-02-04 16:27:58,372 - INFO -   > Running GA Policy: Balanced {'W_POP': 1.0, 'W_HOSP': 3.0, 'W_MAKESPAN': 0.5}
2026-02-04 16:28:04,051 - INFO -   -> Saved detailed schedule: C:\2025-2026 Fall\Network science\Project\Evaluating post-earthquake impact and recovery of LA transmission grid on a census tract scale\Stage 5 Output\GA_Schedule_LongBeach_Balanced.csv
2026-02-04 16:28:04,629 - INFO - Computing dynamic graph robustness (Metric: Average Degree)...
2026-02-04 16:28:11,160 - INFO -   -> Saved Stage 7 input: C:\2025-2026 Fall\Network science\Project\Evaluating post-earthquake impact and recovery of LA transmission grid on a census tract scale\Stage 5 Output\tract_kpis_LongBeach.csv
2026-02-04 16:28:11,162 - INFO -   > Running GA Policy: HospFirst {'W_POP': 1.0, 'W_HOSP': 20.0, 'W_MAKESPAN': 0.1}
2026-02-04 16:28:16,861 - INFO -   -> Saved detailed schedule: C:\2025-2026 Fall\Network science\Project\Evaluating post-earthquake impact and recovery of LA transmission grid on a census tract scale\Stage 5 Output\GA_Schedule_LongBeach_HospFirst.csv
2026-02-04 16:28:17,471 - INFO - Computing dynamic graph robustness (Metric: Average Degree)...
2026-02-04 16:28:22,463 - INFO -   > Running GA Policy: Efficiency {'W_POP': 1.0, 'W_HOSP': 1.0, 'W_MAKESPAN': 2.0}
2026-02-04 16:28:27,976 - INFO -   -> Saved detailed schedule: C:\2025-2026 Fall\Network science\Project\Evaluating post-earthquake impact and recovery of LA transmission grid on a census tract scale\Stage 5 Output\GA_Schedule_LongBeach_Efficiency.csv
2026-02-04 16:28:28,576 - INFO - Computing dynamic graph robustness (Metric: Average Degree)...
2026-02-04 16:28:33,488 - INFO - Processing Scenario: 2pc50...
2026-02-04 16:28:33,493 - INFO - [Travel] Loading Base->Task CSV: C:\2025-2026 Fall\Network science\Project\Evaluating post-earthquake impact and recovery of LA transmission grid on a census tract scale\Stage 4 Output\travel_base_to_task.csv
2026-02-04 16:28:33,504 - INFO - [Travel] Loading Task->Task CSV: C:\2025-2026 Fall\Network science\Project\Evaluating post-earthquake impact and recovery of LA transmission grid on a census tract scale\Stage 4 Output\travel_task_to_task.csv
2026-02-04 16:28:33,519 - INFO -   > Running GA Policy: Balanced {'W_POP': 1.0, 'W_HOSP': 3.0, 'W_MAKESPAN': 0.5}
2026-02-04 16:28:39,224 - INFO -   -> Saved detailed schedule: C:\2025-2026 Fall\Network science\Project\Evaluating post-earthquake impact and recovery of LA transmission grid on a census tract scale\Stage 5 Output\GA_Schedule_2pc50_Balanced.csv
2026-02-04 16:28:39,845 - INFO - Computing dynamic graph robustness (Metric: Average Degree)...
2026-02-04 16:28:46,421 - INFO -   -> Saved Stage 7 input: C:\2025-2026 Fall\Network science\Project\Evaluating post-earthquake impact and recovery of LA transmission grid on a census tract scale\Stage 5 Output\tract_kpis_2pc50.csv
2026-02-04 16:28:46,424 - INFO -   > Running GA Policy: HospFirst {'W_POP': 1.0, 'W_HOSP': 20.0, 'W_MAKESPAN': 0.1}
2026-02-04 16:28:52,094 - INFO -   -> Saved detailed schedule: C:\2025-2026 Fall\Network science\Project\Evaluating post-earthquake impact and recovery of LA transmission grid on a census tract scale\Stage 5 Output\GA_Schedule_2pc50_HospFirst.csv
2026-02-04 16:28:52,723 - INFO - Computing dynamic graph robustness (Metric: Average Degree)...
2026-02-04 16:28:57,827 - INFO -   > Running GA Policy: Efficiency {'W_POP': 1.0, 'W_HOSP': 1.0, 'W_MAKESPAN': 2.0}
2026-02-04 16:29:03,571 - INFO -   -> Saved detailed schedule: C:\2025-2026 Fall\Network science\Project\Evaluating post-earthquake impact and recovery of LA transmission grid on a census tract scale\Stage 5 Output\GA_Schedule_2pc50_Efficiency.csv
2026-02-04 16:29:04,181 - INFO - Computing dynamic graph robustness (Metric: Average Degree)...
2026-02-04 16:29:09,244 - INFO - --- STAGE 5 Complete ---
2026-02-04 16:29:09,274 - INFO - ==================================================
2026-02-04 16:29:09,274 - INFO - --- STAGE 6: Consolidation & Separate Plotting (Adaptive X; GA Multi-Policy) ---
2026-02-04 16:29:09,300 - INFO - SVI weights calculated successfully for analysis.
2026-02-04 16:29:09,306 - INFO - Consolidating for Northridge...
2026-02-04 16:29:12,329 - INFO - Saved plot: recovery_curve_Northridge_Population.png
2026-02-04 16:29:15,240 - INFO - Saved plot: recovery_curve_Northridge_SVI_Weighted.png
2026-02-04 16:29:15,245 - INFO - Consolidating for SanFernando...
2026-02-04 16:29:18,308 - INFO - Saved plot: recovery_curve_SanFernando_Population.png
2026-02-04 16:29:21,299 - INFO - Saved plot: recovery_curve_SanFernando_SVI_Weighted.png
2026-02-04 16:29:21,304 - INFO - Consolidating for LongBeach...
2026-02-04 16:29:24,251 - INFO - Saved plot: recovery_curve_LongBeach_Population.png
2026-02-04 16:29:27,232 - INFO - Saved plot: recovery_curve_LongBeach_SVI_Weighted.png
2026-02-04 16:29:27,233 - INFO - Consolidating for 2pc50...
2026-02-04 16:29:30,270 - INFO - Saved plot: recovery_curve_2pc50_Population.png
2026-02-04 16:29:33,320 - INFO - Saved plot: recovery_curve_2pc50_SVI_Weighted.png
2026-02-04 16:29:35,891 - INFO - --- STAGE 6 Complete ---
2026-02-04 16:29:35,896 - INFO - ==================================================
2026-02-04 16:29:35,896 - INFO - --- STAGE 7: PCA + K-Means (Final Enhanced) ---
2026-02-04 16:29:35,901 - INFO - 1. Preparing Features...
2026-02-04 16:29:37,734 - INFO - Loading NRI tract table from C:\2025-2026 Fall\Network science\Project\Evaluating post-earthquake impact and recovery of LA transmission grid on a census tract scale\Data\NRI_Table_CensusTracts_California.csv
2026-02-04 16:29:40,232 - INFO - Clustering on 16 features: ['T80', 'AUC', 'Init_Supply', 'Grid_Centrality', 'Grid_ImpactLambda2', 'Grid_Betweenness', 'Redundancy_HHI', 'Pre_1970_Ratio', 'Pop_Density', 'NRI_RISK_SCORE', 'NRI_EAL_SCORE', 'NRI_BUILDVALUE', 'SVI_THEME1', 'SVI_THEME2', 'SVI_THEME3', 'SVI_THEME4']
2026-02-04 16:29:40,255 - INFO -  > Kaiser Criterion: Selected 6 PCs (Eigenvalues > 1)
2026-02-04 16:29:42,367 - INFO - Saved pca_scree_plot.png
2026-02-04 16:29:44,644 - INFO -  > Elbow best k = 4
2026-02-04 16:29:44,644 - INFO -  > Silhouette best k = 5 (max silhouette = 0.2381)
2026-02-04 16:29:44,644 - INFO -  > Selected Best k (Clusters) = 4
2026-02-04 16:29:48,633 - INFO - Saved pca_kmeans_scatter.png
2026-02-04 16:29:51,417 - INFO - Saved pca_kmeans_scatter_3d.png
2026-02-04 16:29:51,420 - INFO - --- STAGE 7 Complete ---
2026-02-04 16:29:51,426 - INFO - ======================================================================
2026-02-04 16:29:51,428 - INFO - PIPELINE COMPLETED SUCCESSFULLY
2026-02-04 16:29:51,430 - INFO - ======================================================================
